// Jest Snapshot v1, https://goo.gl/fbAQLP

exports[`Snapshot Testing Lightbox renders properly" 1`] = `
<ReactImageLightbox
  animationDisabled={false}
  animationDuration={300}
  animationOnKeyInput={false}
  clickOutsideToClose={true}
  closeLabel="Close lightbox"
  discourageDownloads={false}
  enableZoom={true}
  imageCrossOrigin={null}
  imageLoadErrorMessage="This image failed to load"
  imagePadding={10}
  imageTitle={null}
  keyRepeatKeyupBonus={40}
  keyRepeatLimit={180}
  mainSrc="/fake/image/src.jpg"
  mainSrcThumbnail={null}
  nextLabel="Next image"
  nextSrc={null}
  nextSrcThumbnail={null}
  onCloseRequest={[Function]}
  onImageLoad={[Function]}
  onImageLoadError={[Function]}
  onMoveNextRequest={[Function]}
  onMovePrevRequest={[Function]}
  prevLabel="Previous image"
  prevSrc={null}
  prevSrcThumbnail={null}
  showTopBar={true}
  toolbarButtons={null}
  wrapperClassName=""
  zoomInLabel="Zoom in"
  zoomOutLabel="Zoom out"
>
  <div
    className="ril-outer ril-outer-animating"
    onKeyDown={[Function]}
    onKeyUp={[Function]}
    onMouseDown={[Function]}
    onMouseMove={[Function]}
    onTouchMove={[Function]}
    onTouchStart={[Function]}
    onWheel={[Function]}
    style={
      Object {
        "animationDirection": "reverse",
        "animationDuration": "300ms",
        "transition": "opacity 300ms",
      }
    }
    tabIndex="-1"
  >
    <div
      className="ril-toolbar"
    >
      <ul
        className="ril-toolbar-side ril-toolbar-left"
      >
        <li
          className="ril-toolbar-item"
        >
          <span
            className="ril-toolbar-item-child"
          />
        </li>
      </ul>
      <ul
        className="ril-toolbar-side ril-toolbar-right"
      >
        <ForwardRef
          className="ril-zoom-in"
          disabled={false}
          key="zoom-in"
          label="Zoom in"
          onClick={[Function]}
        >
          <li
            className="ril-toolbar-item"
          >
            <button
              aria-label="Zoom in"
              className="ril-toolbar-item-child ril-builtin-btn ril-zoom-in"
              disabled={false}
              key="close"
              onClick={[Function]}
              title="Zoom in"
              type="button"
            />
          </li>
        </ForwardRef>
        <ForwardRef
          className="ril-zoom-out"
          disabled={true}
          key="zoom-out"
          label="Zoom out"
          onClick={[Function]}
        >
          <li
            className="ril-toolbar-item"
          >
            <button
              aria-label="Zoom out"
              className="ril-toolbar-item-child ril-builtin-btn ril-zoom-out ril-builtin-btn-disabled"
              disabled={true}
              key="close"
              title="Zoom out"
              type="button"
            />
          </li>
        </ForwardRef>
        <ForwardRef
          className="ril-close"
          disabled={false}
          key="close"
          label="Close lightbox"
          onClick={[Function]}
        >
          <li
            className="ril-toolbar-item"
          >
            <button
              aria-label="Close lightbox"
              className="ril-toolbar-item-child ril-builtin-btn ril-close"
              disabled={false}
              key="close"
              onClick={[Function]}
              title="Close lightbox"
              type="button"
            />
          </li>
        </ForwardRef>
      </ul>
    </div>
    <div
      className="ril-inner"
    >
      <div
        className="ril-image ril-not-loaded ril-image-current"
        key="/fake/image/src.jpgi0"
        style={
          Object {
            "transform": "translate3d(0px,0px,0) scale3d(NaN,NaN,1)",
          }
        }
      >
        <div
          className="ril-loading-container"
        >
          <div
            className="ril-loading-circle ril-loading-container-icon"
          >
            <div
              className="ril-loading-circle-point"
              key="0"
            />
            <div
              className="ril-loading-circle-point"
              key="1"
            />
            <div
              className="ril-loading-circle-point"
              key="2"
            />
            <div
              className="ril-loading-circle-point"
              key="3"
            />
            <div
              className="ril-loading-circle-point"
              key="4"
            />
            <div
              className="ril-loading-circle-point"
              key="5"
            />
            <div
              className="ril-loading-circle-point"
              key="6"
            />
            <div
              className="ril-loading-circle-point"
              key="7"
            />
            <div
              className="ril-loading-circle-point"
              key="8"
            />
            <div
              className="ril-loading-circle-point"
              key="9"
            />
            <div
              className="ril-loading-circle-point"
              key="10"
            />
            <div
              className="ril-loading-circle-point"
              key="11"
            />
          </div>
        </div>
      </div>
    </div>
  </div>
</ReactImageLightbox>
`;
